test new branch 2